in_source: |-
  .code:

  wait_loop:          ; wait for interruption
      LOAD inp
      CMP 9999
      JZ wait_loop

      LOAD inp
      JZ end
      OUTPUT
      PUSH 9999
      SAVE inp
      JUMP wait_loop

  end:
      HALT

  interrupt0:
      INPUT
      SAVE inp
      RET

  .data:
      int0 VECTOR interrupt0
      inp NUMBER 9999

in_stdin: |-
  100 A
  200 r
  300 t
  400 e
  500 m

out_code:
- name: int0
  opcode: VECTOR
  value: 10
- index: 0
  opcode: LOAD
  value: 13
- index: 1
  opcode: CMP
  value: 9999
- index: 2
  opcode: JZ
  value: 0
- index: 3
  opcode: LOAD
  value: 13
- index: 4
  opcode: JZ
  value: 9
- index: 5
  opcode: OUTPUT
  value:
- index: 6
  opcode: PUSH
  value: 9999
- index: 7
  opcode: SAVE
  value: 13
- index: 8
  opcode: JUMP
  value: 0
- index: 9
  opcode: HALT
  value:
- index: 10
  opcode: INPUT
  value:
- index: 11
  opcode: SAVE
  value: 13
- index: 12
  opcode: RET
  value:
- index: 13
  opcode: NUMBER
  value: 9999
out_stdout: |
  LoC: 25 code_instr: 15
  ============================================================
  Artem
  Instructions: 270 Ticks: 621
out_log: |
  INFO     root:simulation.py:83 Start simulation
  DEBUG    root:simulation.py:29 Tick:    0 NOP     SC:   0 PC:   0 AC:    0 DA:   0 ZERO: 0 INTERRUPTED: 0
  DEBUG    root:simulation.py:42 Tick:    0 LOAD    SC:   1 PC:   1 AC:    0 DA:   0 ZERO: 0 INTERRUPTED: 0
  DEBUG    root:simulation.py:42 Tick:    1 LOAD    SC:   2 PC:   1 AC:    0 DA:  13 ZERO: 0 INTERRUPTED: 0
  DEBUG    root:simulation.py:42 Tick:    2 LOAD    SC:   0 PC:   1 AC: 9999 DA:  13 ZERO: 0 INTERRUPTED: 0
  DEBUG    root:simulation.py:42 Tick:    3 CMP     SC:   1 PC:   2 AC: 9999 DA:  13 ZERO: 0 INTERRUPTED: 0
  DEBUG    root:simulation.py:42 Tick:    4 CMP     SC:   0 PC:   2 AC: 9999 DA:  13 ZERO: 1 INTERRUPTED: 0
  DEBUG    root:simulation.py:42 Tick:    5 JZ      SC:   1 PC:   3 AC: 9999 DA:  13 ZERO: 1 INTERRUPTED: 0
  DEBUG    root:simulation.py:42 Tick:    6 JZ      SC:   0 PC:   0 AC: 9999 DA:  13 ZERO: 1 INTERRUPTED: 0
  DEBUG    root:simulation.py:42 Tick:    7 LOAD    SC:   1 PC:   1 AC: 9999 DA:  13 ZERO: 1 INTERRUPTED: 0
  DEBUG    root:simulation.py:42 Tick:    8 LOAD    SC:   2 PC:   1 AC: 9999 DA:  13 ZERO: 1 INTERRUPTED: 0
  DEBUG    root:simulation.py:42 Tick:    9 LOAD    SC:   0 PC:   1 AC: 9999 DA:  13 ZERO: 0 INTERRUPTED: 0
  DEBUG    root:simulation.py:42 Tick:   10 CMP     SC:   1 PC:   2 AC: 9999 DA:  13 ZERO: 0 INTERRUPTED: 0
  DEBUG    root:simulation.py:42 Tick:   11 CMP     SC:   0 PC:   2 AC: 9999 DA:  13 ZERO: 1 INTERRUPTED: 0
  DEBUG    root:simulation.py:42 Tick:   12 JZ      SC:   1 PC:   3 AC: 9999 DA:  13 ZERO: 1 INTERRUPTED: 0
  DEBUG    root:simulation.py:42 Tick:   13 JZ      SC:   0 PC:   0 AC: 9999 DA:  13 ZERO: 1 INTERRUPTED: 0
  DEBUG    root:simulation.py:42 Tick:   14 LOAD    SC:   1 PC:   1 AC: 9999 DA:  13 ZERO: 1 INTERRUPTED: 0
  DEBUG    root:simulation.py:42 Tick:   15 LOAD    SC:   2 PC:   1 AC: 9999 DA:  13 ZERO: 1 INTERRUPTED: 0
  DEBUG    root:simulation.py:42 Tick:   16 LOAD    SC:   0 PC:   1 AC: 9999 DA:  13 ZERO: 0 INTERRUPTED: 0
  DEBUG    root:simulation.py:42 Tick:   17 CMP     SC:   1 PC:   2 AC: 9999 DA:  13 ZERO: 0 INTERRUPTED: 0
  DEBUG    root:simulation.py:42 Tick:   18 CMP     SC:   0 PC:   2 AC: 9999 DA:  13 ZERO: 1 INTERRUPTED: 0
  DEBUG    root:simulation.py:42 Tick:   19 JZ      SC:   1 PC:   3 AC: 9999 DA:  13 ZERO: 1 INTERRUPTED: 0
  DEBUG    root:simulation.py:42 Tick:   20 JZ      SC:   0 PC:   0 AC: 9999 DA:  13 ZERO: 1 INTERRUPTED: 0
  DEBUG    root:simulation.py:42 Tick:   21 LOAD    SC:   1 PC:   1 AC: 9999 DA:  13 ZERO: 1 INTERRUPTED: 0
  DEBUG    root:simulation.py:42 Tick:   22 LOAD    SC:   2 PC:   1 AC: 9999 DA:  13 ZERO: 1 INTERRUPTED: 0
  DEBUG    root:simulation.py:42 Tick:   23 LOAD    SC:   0 PC:   1 AC: 9999 DA:  13 ZERO: 0 INTERRUPTED: 0
  DEBUG    root:simulation.py:42 Tick:   24 CMP     SC:   1 PC:   2 AC: 9999 DA:  13 ZERO: 0 INTERRUPTED: 0
  DEBUG    root:simulation.py:42 Tick:   25 CMP     SC:   0 PC:   2 AC: 9999 DA:  13 ZERO: 1 INTERRUPTED: 0
  DEBUG    root:simulation.py:42 Tick:   26 JZ      SC:   1 PC:   3 AC: 9999 DA:  13 ZERO: 1 INTERRUPTED: 0
  DEBUG    root:simulation.py:42 Tick:   27 JZ      SC:   0 PC:   0 AC: 9999 DA:  13 ZERO: 1 INTERRUPTED: 0
  DEBUG    root:simulation.py:42 Tick:   28 LOAD    SC:   1 PC:   1 AC: 9999 DA:  13 ZERO: 1 INTERRUPTED: 0
  DEBUG    root:simulation.py:42 Tick:   29 LOAD    SC:   2 PC:   1 AC: 9999 DA:  13 ZERO: 1 INTERRUPTED: 0
  DEBUG    root:simulation.py:42 Tick:   30 LOAD    SC:   0 PC:   1 AC: 9999 DA:  13 ZERO: 0 INTERRUPTED: 0
  DEBUG    root:simulation.py:42 Tick:   31 CMP     SC:   1 PC:   2 AC: 9999 DA:  13 ZERO: 0 INTERRUPTED: 0
  DEBUG    root:simulation.py:42 Tick:   32 CMP     SC:   0 PC:   2 AC: 9999 DA:  13 ZERO: 1 INTERRUPTED: 0
  DEBUG    root:simulation.py:42 Tick:   33 JZ      SC:   1 PC:   3 AC: 9999 DA:  13 ZERO: 1 INTERRUPTED: 0
  DEBUG    root:simulation.py:42 Tick:   34 JZ      SC:   0 PC:   0 AC: 9999 DA:  13 ZERO: 1 INTERRUPTED: 0
  DEBUG    root:simulation.py:42 Tick:   35 LOAD    SC:   1 PC:   1 AC: 9999 DA:  13 ZERO: 1 INTERRUPTED: 0
  DEBUG    root:simulation.py:42 Tick:   36 LOAD    SC:   2 PC:   1 AC: 9999 DA:  13 ZERO: 1 INTERRUPTED: 0
  DEBUG    root:simulation.py:42 Tick:   37 LOAD    SC:   0 PC:   1 AC: 9999 DA:  13 ZERO: 0 INTERRUPTED: 0
  DEBUG    root:simulation.py:42 Tick:   38 CMP     SC:   1 PC:   2 AC: 9999 DA:  13 ZERO: 0 INTERRUPTED: 0
  DEBUG    root:simulation.py:42 Tick:   39 CMP     SC:   0 PC:   2 AC: 9999 DA:  13 ZERO: 1 INTERRUPTED: 0
  DEBUG    root:simulation.py:42 Tick:   40 JZ      SC:   1 PC:   3 AC: 9999 DA:  13 ZERO: 1 INTERRUPTED: 0
  DEBUG    root:simulation.py:42 Tick:   41 JZ      SC:   0 PC:   0 AC: 9999 DA:  13 ZERO: 1 INTERRUPTED: 0
  DEBUG    root:simulation.py:42 Tick:   42 LOAD    SC:   1 PC:   1 AC: 9999 DA:  13 ZERO: 1 INTERRUPTED: 0
  DEBUG    root:simulation.py:42 Tick:   43 LOAD    SC:   2 PC:   1 AC: 9999 DA:  13 ZERO: 1 INTERRUPTED: 0
  DEBUG    root:simulation.py:42 Tick:   44 LOAD    SC:   0 PC:   1 AC: 9999 DA:  13 ZERO: 0 INTERRUPTED: 0
  DEBUG    root:simulation.py:42 Tick:   45 CMP     SC:   1 PC:   2 AC: 9999 DA:  13 ZERO: 0 INTERRUPTED: 0
  DEBUG    root:simulation.py:42 Tick:   46 CMP     SC:   0 PC:   2 AC: 9999 DA:  13 ZERO: 1 INTERRUPTED: 0
  DEBUG    root:simulation.py:42 Tick:   47 JZ      SC:   1 PC:   3 AC: 9999 DA:  13 ZERO: 1 INTERRUPTED: 0
  DEBUG    root:simulation.py:42 Tick:   48 JZ      SC:   0 PC:   0 AC: 9999 DA:  13 ZERO: 1 INTERRUPTED: 0
  DEBUG    root:simulation.py:42 Tick:   49 LOAD    SC:   1 PC:   1 AC: 9999 DA:  13 ZERO: 1 INTERRUPTED: 0
  DEBUG    root:simulation.py:42 Tick:   50 LOAD    SC:   2 PC:   1 AC: 9999 DA:  13 ZERO: 1 INTERRUPTED: 0
  DEBUG    root:simulation.py:42 Tick:   51 LOAD    SC:   0 PC:   1 AC: 9999 DA:  13 ZERO: 0 INTERRUPTED: 0
  DEBUG    root:simulation.py:42 Tick:   52 CMP     SC:   1 PC:   2 AC: 9999 DA:  13 ZERO: 0 INTERRUPTED: 0
  DEBUG    root:simulation.py:42 Tick:   53 CMP     SC:   0 PC:   2 AC: 9999 DA:  13 ZERO: 1 INTERRUPTED: 0
  DEBUG    root:simulation.py:42 Tick:   54 JZ      SC:   1 PC:   3 AC: 9999 DA:  13 ZERO: 1 INTERRUPTED: 0
  DEBUG    root:simulation.py:42 Tick:   55 JZ      SC:   0 PC:   0 AC: 9999 DA:  13 ZERO: 1 INTERRUPTED: 0
  DEBUG    root:simulation.py:42 Tick:   56 LOAD    SC:   1 PC:   1 AC: 9999 DA:  13 ZERO: 1 INTERRUPTED: 0
  DEBUG    root:simulation.py:42 Tick:   57 LOAD    SC:   2 PC:   1 AC: 9999 DA:  13 ZERO: 1 INTERRUPTED: 0
  DEBUG    root:simulation.py:42 Tick:   58 LOAD    SC:   0 PC:   1 AC: 9999 DA:  13 ZERO: 0 INTERRUPTED: 0
  DEBUG    root:simulation.py:42 Tick:   59 CMP     SC:   1 PC:   2 AC: 9999 DA:  13 ZERO: 0 INTERRUPTED: 0
  DEBUG    root:simulation.py:42 Tick:   60 CMP     SC:   0 PC:   2 AC: 9999 DA:  13 ZERO: 1 INTERRUPTED: 0
  DEBUG    root:simulation.py:42 Tick:   61 JZ      SC:   1 PC:   3 AC: 9999 DA:  13 ZERO: 1 INTERRUPTED: 0
  DEBUG    root:simulation.py:42 Tick:   62 JZ      SC:   0 PC:   0 AC: 9999 DA:  13 ZERO: 1 INTERRUPTED: 0
  DEBUG    root:simulation.py:42 Tick:   63 LOAD    SC:   1 PC:   1 AC: 9999 DA:  13 ZERO: 1 INTERRUPTED: 0
  DEBUG    root:simulation.py:42 Tick:   64 LOAD    SC:   2 PC:   1 AC: 9999 DA:  13 ZERO: 1 INTERRUPTED: 0
  DEBUG    root:simulation.py:42 Tick:   65 LOAD    SC:   0 PC:   1 AC: 9999 DA:  13 ZERO: 0 INTERRUPTED: 0
  DEBUG    root:simulation.py:42 Tick:   66 CMP     SC:   1 PC:   2 AC: 9999 DA:  13 ZERO: 0 INTERRUPTED: 0
  DEBUG    root:simulation.py:42 Tick:   67 CMP     SC:   0 PC:   2 AC: 9999 DA:  13 ZERO: 1 INTERRUPTED: 0
  DEBUG    root:simulation.py:42 Tick:   68 JZ      SC:   1 PC:   3 AC: 9999 DA:  13 ZERO: 1 INTERRUPTED: 0
  DEBUG    root:simulation.py:42 Tick:   69 JZ      SC:   0 PC:   0 AC: 9999 DA:  13 ZERO: 1 INTERRUPTED: 0
  DEBUG    root:simulation.py:42 Tick:   70 LOAD    SC:   1 PC:   1 AC: 9999 DA:  13 ZERO: 1 INTERRUPTED: 0
  DEBUG    root:simulation.py:42 Tick:   71 LOAD    SC:   2 PC:   1 AC: 9999 DA:  13 ZERO: 1 INTERRUPTED: 0
  DEBUG    root:simulation.py:42 Tick:   72 LOAD    SC:   0 PC:   1 AC: 9999 DA:  13 ZERO: 0 INTERRUPTED: 0
  DEBUG    root:simulation.py:42 Tick:   73 CMP     SC:   1 PC:   2 AC: 9999 DA:  13 ZERO: 0 INTERRUPTED: 0
  DEBUG    root:simulation.py:42 Tick:   74 CMP     SC:   0 PC:   2 AC: 9999 DA:  13 ZERO: 1 INTERRUPTED: 0
  DEBUG    root:simulation.py:42 Tick:   75 JZ      SC:   1 PC:   3 AC: 9999 DA:  13 ZERO: 1 INTERRUPTED: 0
  DEBUG    root:simulation.py:42 Tick:   76 JZ      SC:   0 PC:   0 AC: 9999 DA:  13 ZERO: 1 INTERRUPTED: 0
  DEBUG    root:simulation.py:42 Tick:   77 LOAD    SC:   1 PC:   1 AC: 9999 DA:  13 ZERO: 1 INTERRUPTED: 0
  DEBUG    root:simulation.py:42 Tick:   78 LOAD    SC:   2 PC:   1 AC: 9999 DA:  13 ZERO: 1 INTERRUPTED: 0
  DEBUG    root:simulation.py:42 Tick:   79 LOAD    SC:   0 PC:   1 AC: 9999 DA:  13 ZERO: 0 INTERRUPTED: 0
  DEBUG    root:simulation.py:42 Tick:   80 CMP     SC:   1 PC:   2 AC: 9999 DA:  13 ZERO: 0 INTERRUPTED: 0
  DEBUG    root:simulation.py:42 Tick:   81 CMP     SC:   0 PC:   2 AC: 9999 DA:  13 ZERO: 1 INTERRUPTED: 0
  DEBUG    root:simulation.py:42 Tick:   82 JZ      SC:   1 PC:   3 AC: 9999 DA:  13 ZERO: 1 INTERRUPTED: 0
  DEBUG    root:simulation.py:42 Tick:   83 JZ      SC:   0 PC:   0 AC: 9999 DA:  13 ZERO: 1 INTERRUPTED: 0
  DEBUG    root:simulation.py:42 Tick:   84 LOAD    SC:   1 PC:   1 AC: 9999 DA:  13 ZERO: 1 INTERRUPTED: 0
  DEBUG    root:simulation.py:42 Tick:   85 LOAD    SC:   2 PC:   1 AC: 9999 DA:  13 ZERO: 1 INTERRUPTED: 0
  DEBUG    root:simulation.py:42 Tick:   86 LOAD    SC:   0 PC:   1 AC: 9999 DA:  13 ZERO: 0 INTERRUPTED: 0
  DEBUG    root:simulation.py:42 Tick:   87 CMP     SC:   1 PC:   2 AC: 9999 DA:  13 ZERO: 0 INTERRUPTED: 0
  DEBUG    root:simulation.py:42 Tick:   88 CMP     SC:   0 PC:   2 AC: 9999 DA:  13 ZERO: 1 INTERRUPTED: 0
  DEBUG    root:simulation.py:42 Tick:   89 JZ      SC:   1 PC:   3 AC: 9999 DA:  13 ZERO: 1 INTERRUPTED: 0
  DEBUG    root:simulation.py:42 Tick:   90 JZ      SC:   0 PC:   0 AC: 9999 DA:  13 ZERO: 1 INTERRUPTED: 0
  DEBUG    root:simulation.py:42 Tick:   91 LOAD    SC:   1 PC:   1 AC: 9999 DA:  13 ZERO: 1 INTERRUPTED: 0
  DEBUG    root:simulation.py:42 Tick:   92 LOAD    SC:   2 PC:   1 AC: 9999 DA:  13 ZERO: 1 INTERRUPTED: 0
  DEBUG    root:simulation.py:42 Tick:   93 LOAD    SC:   0 PC:   1 AC: 9999 DA:  13 ZERO: 0 INTERRUPTED: 0
  DEBUG    root:simulation.py:42 Tick:   94 CMP     SC:   1 PC:   2 AC: 9999 DA:  13 ZERO: 0 INTERRUPTED: 0
  DEBUG    root:simulation.py:42 Tick:   95 CMP     SC:   0 PC:   2 AC: 9999 DA:  13 ZERO: 1 INTERRUPTED: 0
  DEBUG    root:simulation.py:42 Tick:   96 JZ      SC:   1 PC:   3 AC: 9999 DA:  13 ZERO: 1 INTERRUPTED: 0
  DEBUG    root:simulation.py:42 Tick:   97 JZ      SC:   0 PC:   0 AC: 9999 DA:  13 ZERO: 1 INTERRUPTED: 0
  DEBUG    root:simulation.py:42 Tick:   98 LOAD    SC:   1 PC:   1 AC: 9999 DA:  13 ZERO: 1 INTERRUPTED: 0
  DEBUG    root:simulation.py:42 Tick:   99 LOAD    SC:   2 PC:   1 AC: 9999 DA:  13 ZERO: 1 INTERRUPTED: 0
  DEBUG    root:simulation.py:42 Tick:  100 LOAD    SC:   0 PC:   1 AC: 9999 DA:  13 ZERO: 0 INTERRUPTED: 0
  INFO     root:control_unit.py:61 Interrupt!
  DEBUG    root:simulation.py:42 Tick:  101 LOAD    SC:   0 PC:  10 AC: 9999 DA:  13 ZERO: 0 INTERRUPTED: 1
  DEBUG    root:simulation.py:42 Tick:  102 INPUT   SC:   1 PC:  11 AC: 9999 DA:  13 ZERO: 0 INTERRUPTED: 1
  INFO     root:datapath.py:64 input: A
  DEBUG    root:simulation.py:42 Tick:  103 INPUT   SC:   0 PC:  11 AC:   65 DA:  13 ZERO: 0 INTERRUPTED: 1
  DEBUG    root:simulation.py:42 Tick:  104 SAVE    SC:   1 PC:  12 AC:   65 DA:  13 ZERO: 0 INTERRUPTED: 1
  DEBUG    root:simulation.py:42 Tick:  105 SAVE    SC:   2 PC:  12 AC:   65 DA:  13 ZERO: 0 INTERRUPTED: 1
  DEBUG    root:simulation.py:42 Tick:  106 SAVE    SC:   0 PC:  12 AC:   65 DA:  13 ZERO: 0 INTERRUPTED: 1
  DEBUG    root:simulation.py:42 Tick:  107 RET     SC:   1 PC:  13 AC:   65 DA:  13 ZERO: 0 INTERRUPTED: 1
  DEBUG    root:simulation.py:42 Tick:  108 RET     SC:   0 PC:   1 AC: 9999 DA:  13 ZERO: 0 INTERRUPTED: 0
  DEBUG    root:simulation.py:42 Tick:  109 CMP     SC:   1 PC:   2 AC: 9999 DA:  13 ZERO: 0 INTERRUPTED: 0
  DEBUG    root:simulation.py:42 Tick:  110 CMP     SC:   0 PC:   2 AC: 9999 DA:  13 ZERO: 1 INTERRUPTED: 0
  DEBUG    root:simulation.py:42 Tick:  111 JZ      SC:   1 PC:   3 AC: 9999 DA:  13 ZERO: 1 INTERRUPTED: 0
  DEBUG    root:simulation.py:42 Tick:  112 JZ      SC:   0 PC:   0 AC: 9999 DA:  13 ZERO: 1 INTERRUPTED: 0
  DEBUG    root:simulation.py:42 Tick:  113 LOAD    SC:   1 PC:   1 AC: 9999 DA:  13 ZERO: 1 INTERRUPTED: 0
  DEBUG    root:simulation.py:42 Tick:  114 LOAD    SC:   2 PC:   1 AC: 9999 DA:  13 ZERO: 1 INTERRUPTED: 0
  DEBUG    root:simulation.py:42 Tick:  115 LOAD    SC:   0 PC:   1 AC:   65 DA:  13 ZERO: 0 INTERRUPTED: 0
  DEBUG    root:simulation.py:42 Tick:  116 CMP     SC:   1 PC:   2 AC:   65 DA:  13 ZERO: 0 INTERRUPTED: 0
  DEBUG    root:simulation.py:42 Tick:  117 CMP     SC:   0 PC:   2 AC:   65 DA:  13 ZERO: 0 INTERRUPTED: 0
  DEBUG    root:simulation.py:42 Tick:  118 JZ      SC:   1 PC:   3 AC:   65 DA:  13 ZERO: 0 INTERRUPTED: 0
  DEBUG    root:simulation.py:42 Tick:  119 JZ      SC:   0 PC:   3 AC:   65 DA:  13 ZERO: 0 INTERRUPTED: 0
  DEBUG    root:simulation.py:42 Tick:  120 LOAD    SC:   1 PC:   4 AC:   65 DA:  13 ZERO: 0 INTERRUPTED: 0
  DEBUG    root:simulation.py:42 Tick:  121 LOAD    SC:   2 PC:   4 AC:   65 DA:  13 ZERO: 0 INTERRUPTED: 0
  DEBUG    root:simulation.py:42 Tick:  122 LOAD    SC:   0 PC:   4 AC:   65 DA:  13 ZERO: 0 INTERRUPTED: 0
  DEBUG    root:simulation.py:42 Tick:  123 JZ      SC:   1 PC:   5 AC:   65 DA:  13 ZERO: 0 INTERRUPTED: 0
  DEBUG    root:simulation.py:42 Tick:  124 JZ      SC:   0 PC:   5 AC:   65 DA:  13 ZERO: 0 INTERRUPTED: 0
  DEBUG    root:simulation.py:42 Tick:  125 OUTPUT  SC:   1 PC:   6 AC:   65 DA:  13 ZERO: 0 INTERRUPTED: 0
  INFO     root:datapath.py:70 output: A << 65
  DEBUG    root:simulation.py:42 Tick:  126 OUTPUT  SC:   0 PC:   6 AC:   65 DA:  13 ZERO: 0 INTERRUPTED: 0
  DEBUG    root:simulation.py:42 Tick:  127 PUSH    SC:   1 PC:   7 AC:   65 DA:  13 ZERO: 0 INTERRUPTED: 0
  DEBUG    root:simulation.py:42 Tick:  128 PUSH    SC:   0 PC:   7 AC: 9999 DA:  13 ZERO: 0 INTERRUPTED: 0
  DEBUG    root:simulation.py:42 Tick:  129 SAVE    SC:   1 PC:   8 AC: 9999 DA:  13 ZERO: 0 INTERRUPTED: 0
  DEBUG    root:simulation.py:42 Tick:  130 SAVE    SC:   2 PC:   8 AC: 9999 DA:  13 ZERO: 0 INTERRUPTED: 0
  DEBUG    root:simulation.py:42 Tick:  131 SAVE    SC:   0 PC:   8 AC: 9999 DA:  13 ZERO: 0 INTERRUPTED: 0
  DEBUG    root:simulation.py:42 Tick:  132 JUMP    SC:   1 PC:   9 AC: 9999 DA:  13 ZERO: 0 INTERRUPTED: 0
  DEBUG    root:simulation.py:42 Tick:  133 JUMP    SC:   0 PC:   0 AC: 9999 DA:  13 ZERO: 0 INTERRUPTED: 0
  DEBUG    root:simulation.py:42 Tick:  134 LOAD    SC:   1 PC:   1 AC: 9999 DA:  13 ZERO: 0 INTERRUPTED: 0
  DEBUG    root:simulation.py:42 Tick:  135 LOAD    SC:   2 PC:   1 AC: 9999 DA:  13 ZERO: 0 INTERRUPTED: 0
  DEBUG    root:simulation.py:42 Tick:  136 LOAD    SC:   0 PC:   1 AC: 9999 DA:  13 ZERO: 0 INTERRUPTED: 0
  DEBUG    root:simulation.py:42 Tick:  137 CMP     SC:   1 PC:   2 AC: 9999 DA:  13 ZERO: 0 INTERRUPTED: 0
  DEBUG    root:simulation.py:42 Tick:  138 CMP     SC:   0 PC:   2 AC: 9999 DA:  13 ZERO: 1 INTERRUPTED: 0
  DEBUG    root:simulation.py:42 Tick:  139 JZ      SC:   1 PC:   3 AC: 9999 DA:  13 ZERO: 1 INTERRUPTED: 0
  DEBUG    root:simulation.py:42 Tick:  140 JZ      SC:   0 PC:   0 AC: 9999 DA:  13 ZERO: 1 INTERRUPTED: 0
  DEBUG    root:simulation.py:42 Tick:  141 LOAD    SC:   1 PC:   1 AC: 9999 DA:  13 ZERO: 1 INTERRUPTED: 0
  DEBUG    root:simulation.py:42 Tick:  142 LOAD    SC:   2 PC:   1 AC: 9999 DA:  13 ZERO: 1 INTERRUPTED: 0
  DEBUG    root:simulation.py:42 Tick:  143 LOAD    SC:   0 PC:   1 AC: 9999 DA:  13 ZERO: 0 INTERRUPTED: 0
  DEBUG    root:simulation.py:42 Tick:  144 CMP     SC:   1 PC:   2 AC: 9999 DA:  13 ZERO: 0 INTERRUPTED: 0
  DEBUG    root:simulation.py:42 Tick:  145 CMP     SC:   0 PC:   2 AC: 9999 DA:  13 ZERO: 1 INTERRUPTED: 0
  DEBUG    root:simulation.py:42 Tick:  146 JZ      SC:   1 PC:   3 AC: 9999 DA:  13 ZERO: 1 INTERRUPTED: 0
  DEBUG    root:simulation.py:42 Tick:  147 JZ      SC:   0 PC:   0 AC: 9999 DA:  13 ZERO: 1 INTERRUPTED: 0
  DEBUG    root:simulation.py:42 Tick:  148 LOAD    SC:   1 PC:   1 AC: 9999 DA:  13 ZERO: 1 INTERRUPTED: 0
  DEBUG    root:simulation.py:42 Tick:  149 LOAD    SC:   2 PC:   1 AC: 9999 DA:  13 ZERO: 1 INTERRUPTED: 0
  DEBUG    root:simulation.py:42 Tick:  150 LOAD    SC:   0 PC:   1 AC: 9999 DA:  13 ZERO: 0 INTERRUPTED: 0
  DEBUG    root:simulation.py:42 Tick:  151 CMP     SC:   1 PC:   2 AC: 9999 DA:  13 ZERO: 0 INTERRUPTED: 0
  DEBUG    root:simulation.py:42 Tick:  152 CMP     SC:   0 PC:   2 AC: 9999 DA:  13 ZERO: 1 INTERRUPTED: 0
  DEBUG    root:simulation.py:42 Tick:  153 JZ      SC:   1 PC:   3 AC: 9999 DA:  13 ZERO: 1 INTERRUPTED: 0
  DEBUG    root:simulation.py:42 Tick:  154 JZ      SC:   0 PC:   0 AC: 9999 DA:  13 ZERO: 1 INTERRUPTED: 0
  DEBUG    root:simulation.py:42 Tick:  155 LOAD    SC:   1 PC:   1 AC: 9999 DA:  13 ZERO: 1 INTERRUPTED: 0
  DEBUG    root:simulation.py:42 Tick:  156 LOAD    SC:   2 PC:   1 AC: 9999 DA:  13 ZERO: 1 INTERRUPTED: 0
  DEBUG    root:simulation.py:42 Tick:  157 LOAD    SC:   0 PC:   1 AC: 9999 DA:  13 ZERO: 0 INTERRUPTED: 0
  DEBUG    root:simulation.py:42 Tick:  158 CMP     SC:   1 PC:   2 AC: 9999 DA:  13 ZERO: 0 INTERRUPTED: 0
  DEBUG    root:simulation.py:42 Tick:  159 CMP     SC:   0 PC:   2 AC: 9999 DA:  13 ZERO: 1 INTERRUPTED: 0
  DEBUG    root:simulation.py:42 Tick:  160 JZ      SC:   1 PC:   3 AC: 9999 DA:  13 ZERO: 1 INTERRUPTED: 0
  DEBUG    root:simulation.py:42 Tick:  161 JZ      SC:   0 PC:   0 AC: 9999 DA:  13 ZERO: 1 INTERRUPTED: 0
  DEBUG    root:simulation.py:42 Tick:  162 LOAD    SC:   1 PC:   1 AC: 9999 DA:  13 ZERO: 1 INTERRUPTED: 0
  DEBUG    root:simulation.py:42 Tick:  163 LOAD    SC:   2 PC:   1 AC: 9999 DA:  13 ZERO: 1 INTERRUPTED: 0
  DEBUG    root:simulation.py:42 Tick:  164 LOAD    SC:   0 PC:   1 AC: 9999 DA:  13 ZERO: 0 INTERRUPTED: 0
  DEBUG    root:simulation.py:42 Tick:  165 CMP     SC:   1 PC:   2 AC: 9999 DA:  13 ZERO: 0 INTERRUPTED: 0
  DEBUG    root:simulation.py:42 Tick:  166 CMP     SC:   0 PC:   2 AC: 9999 DA:  13 ZERO: 1 INTERRUPTED: 0
  DEBUG    root:simulation.py:42 Tick:  167 JZ      SC:   1 PC:   3 AC: 9999 DA:  13 ZERO: 1 INTERRUPTED: 0
  DEBUG    root:simulation.py:42 Tick:  168 JZ      SC:   0 PC:   0 AC: 9999 DA:  13 ZERO: 1 INTERRUPTED: 0
  DEBUG    root:simulation.py:42 Tick:  169 LOAD    SC:   1 PC:   1 AC: 9999 DA:  13 ZERO: 1 INTERRUPTED: 0
  DEBUG    root:simulation.py:42 Tick:  170 LOAD    SC:   2 PC:   1 AC: 9999 DA:  13 ZERO: 1 INTERRUPTED: 0
  DEBUG    root:simulation.py:42 Tick:  171 LOAD    SC:   0 PC:   1 AC: 9999 DA:  13 ZERO: 0 INTERRUPTED: 0
  DEBUG    root:simulation.py:42 Tick:  172 CMP     SC:   1 PC:   2 AC: 9999 DA:  13 ZERO: 0 INTERRUPTED: 0
  DEBUG    root:simulation.py:42 Tick:  173 CMP     SC:   0 PC:   2 AC: 9999 DA:  13 ZERO: 1 INTERRUPTED: 0
  DEBUG    root:simulation.py:42 Tick:  174 JZ      SC:   1 PC:   3 AC: 9999 DA:  13 ZERO: 1 INTERRUPTED: 0
  DEBUG    root:simulation.py:42 Tick:  175 JZ      SC:   0 PC:   0 AC: 9999 DA:  13 ZERO: 1 INTERRUPTED: 0
  DEBUG    root:simulation.py:42 Tick:  176 LOAD    SC:   1 PC:   1 AC: 9999 DA:  13 ZERO: 1 INTERRUPTED: 0
  DEBUG    root:simulation.py:42 Tick:  177 LOAD    SC:   2 PC:   1 AC: 9999 DA:  13 ZERO: 1 INTERRUPTED: 0
  DEBUG    root:simulation.py:42 Tick:  178 LOAD    SC:   0 PC:   1 AC: 9999 DA:  13 ZERO: 0 INTERRUPTED: 0
  DEBUG    root:simulation.py:42 Tick:  179 CMP     SC:   1 PC:   2 AC: 9999 DA:  13 ZERO: 0 INTERRUPTED: 0
  DEBUG    root:simulation.py:42 Tick:  180 CMP     SC:   0 PC:   2 AC: 9999 DA:  13 ZERO: 1 INTERRUPTED: 0
  DEBUG    root:simulation.py:42 Tick:  181 JZ      SC:   1 PC:   3 AC: 9999 DA:  13 ZERO: 1 INTERRUPTED: 0
  DEBUG    root:simulation.py:42 Tick:  182 JZ      SC:   0 PC:   0 AC: 9999 DA:  13 ZERO: 1 INTERRUPTED: 0
  DEBUG    root:simulation.py:42 Tick:  183 LOAD    SC:   1 PC:   1 AC: 9999 DA:  13 ZERO: 1 INTERRUPTED: 0
  DEBUG    root:simulation.py:42 Tick:  184 LOAD    SC:   2 PC:   1 AC: 9999 DA:  13 ZERO: 1 INTERRUPTED: 0
  DEBUG    root:simulation.py:42 Tick:  185 LOAD    SC:   0 PC:   1 AC: 9999 DA:  13 ZERO: 0 INTERRUPTED: 0
  DEBUG    root:simulation.py:42 Tick:  186 CMP     SC:   1 PC:   2 AC: 9999 DA:  13 ZERO: 0 INTERRUPTED: 0
  DEBUG    root:simulation.py:42 Tick:  187 CMP     SC:   0 PC:   2 AC: 9999 DA:  13 ZERO: 1 INTERRUPTED: 0
  DEBUG    root:simulation.py:42 Tick:  188 JZ      SC:   1 PC:   3 AC: 9999 DA:  13 ZERO: 1 INTERRUPTED: 0
  DEBUG    root:simulation.py:42 Tick:  189 JZ      SC:   0 PC:   0 AC: 9999 DA:  13 ZERO: 1 INTERRUPTED: 0
  DEBUG    root:simulation.py:42 Tick:  190 LOAD    SC:   1 PC:   1 AC: 9999 DA:  13 ZERO: 1 INTERRUPTED: 0
  DEBUG    root:simulation.py:42 Tick:  191 LOAD    SC:   2 PC:   1 AC: 9999 DA:  13 ZERO: 1 INTERRUPTED: 0
  DEBUG    root:simulation.py:42 Tick:  192 LOAD    SC:   0 PC:   1 AC: 9999 DA:  13 ZERO: 0 INTERRUPTED: 0
  DEBUG    root:simulation.py:42 Tick:  193 CMP     SC:   1 PC:   2 AC: 9999 DA:  13 ZERO: 0 INTERRUPTED: 0
  DEBUG    root:simulation.py:42 Tick:  194 CMP     SC:   0 PC:   2 AC: 9999 DA:  13 ZERO: 1 INTERRUPTED: 0
  DEBUG    root:simulation.py:42 Tick:  195 JZ      SC:   1 PC:   3 AC: 9999 DA:  13 ZERO: 1 INTERRUPTED: 0
  DEBUG    root:simulation.py:42 Tick:  196 JZ      SC:   0 PC:   0 AC: 9999 DA:  13 ZERO: 1 INTERRUPTED: 0
  DEBUG    root:simulation.py:42 Tick:  197 LOAD    SC:   1 PC:   1 AC: 9999 DA:  13 ZERO: 1 INTERRUPTED: 0
  DEBUG    root:simulation.py:42 Tick:  198 LOAD    SC:   2 PC:   1 AC: 9999 DA:  13 ZERO: 1 INTERRUPTED: 0
  DEBUG    root:simulation.py:42 Tick:  199 LOAD    SC:   0 PC:   1 AC: 9999 DA:  13 ZERO: 0 INTERRUPTED: 0
  INFO     root:control_unit.py:61 Interrupt!
  WARNING  root:simulation.py:44 Debug limit exceeded!
  INFO     root:datapath.py:64 input: r
  INFO     root:datapath.py:70 output: Ar << 114
  INFO     root:control_unit.py:61 Interrupt!
  INFO     root:datapath.py:64 input: t
  INFO     root:datapath.py:70 output: Art << 116
  INFO     root:control_unit.py:61 Interrupt!
  INFO     root:datapath.py:64 input: e
  INFO     root:datapath.py:70 output: Arte << 101
  INFO     root:control_unit.py:61 Interrupt!
  INFO     root:datapath.py:64 input: m
  INFO     root:datapath.py:70 output: Artem << 109
  INFO     root:control_unit.py:61 Interrupt!
  INFO     root:datapath.py:64 input: 
  INFO     root:simulation.py:60 output_buffer: Artem
  INFO     root:simulation.py:90 End simulation
